[finanstrack.pl/strona-porownywarka-nowa1/index.html]
[backblue.gif]
[fade.gif]
[index.html]
[finanstrack.pl/wp-content/plugins/contact-form-7/includes/css/stylesfc7a.css]
[finanstrack.pl/wp-content/themes/moneytracker/css/flaticond1c0.css]
[finanstrack.pl/wp-content/themes/moneytracker/css/bootstrapf9b8.css]
[finanstrack.pl/wp-content/themes/moneytracker/css/owl.carousel.mind1c0.css]
[finanstrack.pl/wp-content/themes/moneytracker/css/lightgalleryd1c0.css]
[finanstrack.pl/wp-content/themes/moneytracker/css/jquery.multiscrolld1c0.css]
[finanstrack.pl/wp-content/themes/moneytracker/styled1c0.css]
[finanstrack.pl/wp-content/plugins/elementor/assets/lib/eicons/css/elementor-icons.minf25c.css]
[finanstrack.pl/wp-content/plugins/elementor/assets/css/frontend.min3dd9.css]
[finanstrack.pl/wp-content/uploads/elementor/css/post-6c20c.css]
[finanstrack.pl/wp-content/plugins/elementor/assets/css/widget-heading.min3dd9.css]
[finanstrack.pl/wp-content/plugins/elementor/assets/css/widget-text-editor.min3dd9.css]
[finanstrack.pl/wp-content/uploads/elementor/css/post-12513f20b.css]
[finanstrack.pl/wp-content/plugins/elementor/assets/lib/font-awesome/css/fontawesome.min52d5.css]
[finanstrack.pl/wp-content/plugins/elementor/assets/lib/font-awesome/css/solid.min52d5.css]
[finanstrack.pl/wp-content/plugins/elementor/assets/lib/font-awesome/css/regular.min52d5.css]
[finanstrack.pl/wp-includes/js/jquery/jquery.minf43b.js]
[finanstrack.pl/wp-includes/js/jquery/jquery-migrate.min5589.js]
[finanstrack.pl/wp-content/themes/moneytracker/js/myloadmored5ff.js]
[finanstrack.pl/wp-content/uploads/2023/08/logo2-1-e1733338789987.png]
[finanstrack.pl/wp-content/uploads/2023/08/pekao-promocje-konto.png]
[finanstrack.pl/wp-content/uploads/2023/08/mbank-promocja-dla-nowych-kont.jpg]
[finanstrack.pl/wp-content/uploads/2023/08/bnp-paribas-promocja-dla-nowych-kont-cashback.png]
[finanstrack.pl/wp-content/uploads/2023/08/santander-promocja-dla-nowych-kont-cashback.png]
[finanstrack.pl/wp-content/uploads/2023/08/velo-bank-promocja-dla-nowych-kont-cashback.png]
[finanstrack.pl/wp-content/uploads/elementor/css/post-7243a3cf.css]
[finanstrack.pl/wp-content/plugins/elementor/assets/css/widget-icon-list.min3dd9.css]
[finanstrack.pl/wp-content/uploads/elementor/css/post-7266a3cf.css]
[finanstrack.pl/wp-content/uploads/elementor/css/post-7262c20c.css]
[finanstrack.pl/wp-includes/js/dist/hooks.min4fdd.js]
[finanstrack.pl/wp-includes/js/dist/i18n.minc33c.js]
[finanstrack.pl/wp-content/plugins/contact-form-7/includes/swv/js/indexfc7a.js]
[finanstrack.pl/wp-content/plugins/contact-form-7/includes/js/indexfc7a.js]
[finanstrack.pl/wp-content/themes/moneytracker/js/jquery.isotope.min3195.js]
[finanstrack.pl/wp-content/themes/moneytracker/js/lightgallery-all.min3195.js]
[finanstrack.pl/wp-content/themes/moneytracker/js/owl.carousel.min3195.js]
[finanstrack.pl/wp-content/themes/moneytracker/js/easypiechart.min3758.js]
[finanstrack.pl/wp-content/themes/moneytracker/js/jquery.countdown.minfc48.js]
[finanstrack.pl/wp-content/themes/moneytracker/js/particles.minfc48.js]
[finanstrack.pl/wp-content/themes/moneytracker/js/jquery.multiscrollfc48.js]
[finanstrack.pl/wp-content/themes/moneytracker/js/elementor3195.js]
[finanstrack.pl/wp-content/themes/moneytracker/js/elementor-header3195.js]
[finanstrack.pl/wp-content/themes/moneytracker/js/scripts3195.js]
[finanstrack.pl/wp-content/plugins/elementor/assets/js/webpack.runtime.min3dd9.js]
[finanstrack.pl/wp-content/plugins/elementor/assets/js/frontend-modules.min3dd9.js]
[finanstrack.pl/wp-includes/js/jquery/ui/core.minb37e.js]
[finanstrack.pl/wp-content/plugins/elementor/assets/js/frontend.min3dd9.js]
[finanstrack.pl/strona-porownywarka-nowa1/index.html]
[finanstrack.pl/wp-content/plugins/contact-form-7/includes/css/stylesfc7a.css]
[finanstrack.pl/wp-content/themes/moneytracker/css/flaticond1c0.css]
[finanstrack.pl/wp-content/themes/moneytracker/css/bootstrapf9b8.css]
[finanstrack.pl/wp-content/themes/moneytracker/css/owl.video.play.png]
[finanstrack.pl/wp-content/themes/moneytracker/css/owl.carousel.mind1c0.css]
[finanstrack.pl/wp-content/themes/moneytracker/img/vimeo-play.png]
[finanstrack.pl/wp-content/themes/moneytracker/img/video-play.png]
[finanstrack.pl/wp-content/themes/moneytracker/img/youtube-play.png]
[finanstrack.pl/wp-content/themes/moneytracker/images/loading.gif]
[finanstrack.pl/wp-content/themes/moneytracker/css/lightgalleryd1c0.css]
[finanstrack.pl/wp-content/themes/moneytracker/css/jquery.multiscrolld1c0.css]
[finanstrack.pl/wp-content/themes/moneytracker/images/close.png]
[finanstrack.pl/wp-content/themes/moneytracker/styled1c0.css]
[finanstrack.pl/wp-content/plugins/elementor/assets/lib/eicons/css/elementor-icons.minf25c.css]
[finanstrack.pl/wp-content/plugins/elementor/assets/css/frontend.min3dd9.css]
[finanstrack.pl/wp-content/uploads/elementor/css/post-6c20c.css]
[finanstrack.pl/wp-content/plugins/elementor/assets/css/widget-heading.min3dd9.css]
[finanstrack.pl/wp-content/plugins/elementor/assets/css/widget-text-editor.min3dd9.css]
[finanstrack.pl/wp-content/plugins/elementor/assets/css/widget-image.min3dd9.css]
[finanstrack.pl/wp-content/uploads/2023/08/hand-inserting-atm-card-into-bank-machine-withdraw-money-businessman-men-hand-puts-credit-card-into-atm-scaled.jpg]
[finanstrack.pl/wp-content/uploads/elementor/css/post-12513f20b.css]
[finanstrack.pl/wp-content/plugins/elementor/assets/lib/font-awesome/css/fontawesome.min52d5.css]
[finanstrack.pl/wp-content/plugins/elementor/assets/lib/font-awesome/css/solid.min52d5.css]
[finanstrack.pl/wp-content/plugins/elementor/assets/lib/font-awesome/css/regular.min52d5.css]
[finanstrack.pl/wp-includes/js/jquery/jquery.minf43b.js]
[finanstrack.pl/wp-includes/js/jquery/jquery-migrate.min5589.js]
[finanstrack.pl/wp-content/themes/moneytracker/js/myloadmored5ff.js]
[finanstrack.pl/wp-content/uploads/elementor/css/post-7243a3cf.css]
[finanstrack.pl/wp-content/plugins/elementor/assets/css/widget-icon-list.min3dd9.css]
[finanstrack.pl/wp-content/uploads/elementor/css/post-7266a3cf.css]
[finanstrack.pl/wp-content/uploads/elementor/css/post-7262c20c.css]
[finanstrack.pl/wp-includes/js/dist/hooks.min4fdd.js]
[finanstrack.pl/wp-includes/js/dist/i18n.minc33c.js]
[finanstrack.pl/wp-content/plugins/contact-form-7/includes/swv/js/indexfc7a.js]
[finanstrack.pl/wp-content/plugins/contact-form-7/includes/js/indexfc7a.js]
[finanstrack.pl/wp-content/themes/moneytracker/js/jquery.isotope.min3195.js]
[finanstrack.pl/wp-content/themes/moneytracker/js/lightgallery-all.min3195.js]
[finanstrack.pl/wp-content/themes/moneytracker/js/owl.carousel.min3195.js]
[finanstrack.pl/wp-content/themes/moneytracker/js/easypiechart.min3758.js]
[finanstrack.pl/wp-content/themes/moneytracker/js/jquery.countdown.minfc48.js]
[finanstrack.pl/strona-porownywarka-nowa1/GET]
[finanstrack.pl/strona-porownywarka-nowa1/Error pJS - No image.src]
[finanstrack.pl/wp-content/themes/moneytracker/js/particles.minfc48.js]
[finanstrack.pl/wp-content/themes/moneytracker/js/jquery.multiscrollfc48.js]
[finanstrack.pl/wp-content/themes/moneytracker/js/elementor3195.js]
[finanstrack.pl/wp-content/themes/moneytracker/js/elementor-header3195.js]
[finanstrack.pl/wp-content/themes/moneytracker/js/scripts3195.js]
[finanstrack.pl/wp-content/plugins/elementor/assets/js/webpack.runtime.min3dd9.js]
[finanstrack.pl/wp-content/plugins/elementor/assets/js/frontend-modules.min3dd9.js]
[finanstrack.pl/wp-includes/js/jquery/ui/core.minb37e.js]
[finanstrack.pl/strona-porownywarka-nowa1/-negative.svg]
[finanstrack.pl/wp-content/plugins/elementor/assets/js/frontend.min3dd9.js]
[finanstrack.pl/wp-content/themes/moneytracker/css/owl.video.play.html]
[finanstrack.pl/wp-content/themes/moneytracker/img/vimeo-play.html]
[finanstrack.pl/wp-content/themes/moneytracker/img/video-play.html]
[finanstrack.pl/wp-content/themes/moneytracker/img/youtube-play.html]
[finanstrack.pl/wp-content/themes/moneytracker/images/loading.html]
[finanstrack.pl/strona-porownywarka-nowa1/GET.html]
[finanstrack.pl/strona-porownywarka-nowa1/Error pJS - No image.html]
[finanstrack.pl/strona-porownywarka-nowa1/-negative.html]
[finanstrack.pl/strona-porownywarka-nowa1/OPR/index.html]
[finanstrack.pl/strona-porownywarka-nowa1/OPR/index.html]
