[naukaafiliacji.pl/etap1-praktyka/index.html]
[backblue.gif]
[fade.gif]
[index.html]
[naukaafiliacji.pl/etap1-praktyka/g.png]
[naukaafiliacji.pl/wp-content/plugins/contact-form-7/includes/css/stylesfc7afc7a.css]
[naukaafiliacji.pl/etap1-praktyka/flaticond1c0.css]
[naukaafiliacji.pl/wp-content/themes/moneytracker/css/bootstrapf9b8f9b8.css]
[naukaafiliacji.pl/wp-content/themes/moneytracker/css/owl.carousel.mind1c0d1c0.css]
[naukaafiliacji.pl/wp-content/themes/moneytracker/css/lightgalleryd1c0d1c0.css]
[naukaafiliacji.pl/wp-content/themes/moneytracker/css/jquery.multiscrolld1c0d1c0.css]
[naukaafiliacji.pl/wp-content/themes/moneytracker/styled1c0d1c0.css]
[naukaafiliacji.pl/wp-content/plugins/elementor/assets/lib/eicons/css/elementor-icons.minf25cf25c.css]
[naukaafiliacji.pl/wp-content/plugins/elementor/assets/css/frontend.min3dd93dd9.css]
[naukaafiliacji.pl/wp-content/uploads/elementor/css/post-6c20cc20c.css]
[naukaafiliacji.pl/wp-content/plugins/elementor/assets/css/widget-heading.min3dd93dd9.css]
[naukaafiliacji.pl/wp-content/plugins/elementor/assets/css/widget-text-editor.min3dd93dd9.css]
[naukaafiliacji.pl/wp-content/uploads/elementor/css/post-12513f20bf20b.css]
[naukaafiliacji.pl/wp-content/plugins/elementor/assets/lib/font-awesome/css/fontawesome.min52d552d5.css]
[naukaafiliacji.pl/wp-content/plugins/elementor/assets/lib/font-awesome/css/solid.min52d552d5.css]
[naukaafiliacji.pl/wp-content/plugins/elementor/assets/lib/font-awesome/css/regular.min52d552d5.css]
[naukaafiliacji.pl/wp-includes/js/jquery/jquery.minf43bf43b.js]
[naukaafiliacji.pl/wp-includes/js/jquery/jquery-migrate.min55895589.js]
[naukaafiliacji.pl/wp-content/themes/moneytracker/js/myloadmored5ffd5ff.js]
[naukaafiliacji.pl/etap1-praktyka/index-2.html]
[naukaafiliacji.pl/wp-content/uploads/2023/08/logo2-1-e1733338789987.png]
[naukaafiliacji.pl/wp-content/uploads/2023/08/pekao-promocje-konto.png]
[naukaafiliacji.pl/wp-content/uploads/2023/08/mbank-promocja-dla-nowych-kont.jpg]
[naukaafiliacji.pl/wp-content/uploads/2023/08/bnp-paribas-promocja-dla-nowych-kont-cashback.png]
[naukaafiliacji.pl/wp-content/uploads/2023/08/santander-promocja-dla-nowych-kont-cashback.png]
[naukaafiliacji.pl/wp-content/uploads/2023/08/velo-bank-promocja-dla-nowych-kont-cashback.png]
[naukaafiliacji.pl/etap1-praktyka/newarrowup.png]
[naukaafiliacji.pl/wp-content/uploads/elementor/css/post-7243a3cfa3cf.css]
[naukaafiliacji.pl/wp-content/plugins/elementor/assets/css/widget-icon-list.min3dd93dd9.css]
[naukaafiliacji.pl/wp-content/uploads/elementor/css/post-7266a3cfa3cf.css]
[naukaafiliacji.pl/wp-content/uploads/elementor/css/post-7262c20cc20c.css]
[naukaafiliacji.pl/wp-includes/js/dist/hooks.min4fdd4fdd.js]
[naukaafiliacji.pl/wp-includes/js/dist/i18n.minc33cc33c.js]
[naukaafiliacji.pl/wp-content/plugins/contact-form-7/includes/swv/js/indexfc7afc7a.js]
[naukaafiliacji.pl/wp-content/plugins/contact-form-7/includes/js/indexfc7afc7a.js]
[naukaafiliacji.pl/wp-content/themes/moneytracker/js/jquery.isotope.min31953195.js]
[naukaafiliacji.pl/wp-content/themes/moneytracker/js/lightgallery-all.min31953195.js]
[naukaafiliacji.pl/wp-content/themes/moneytracker/js/owl.carousel.min31953195.js]
[naukaafiliacji.pl/wp-content/themes/moneytracker/js/easypiechart.min37583758.js]
[naukaafiliacji.pl/wp-content/themes/moneytracker/js/jquery.countdown.minfc48fc48.js]
[naukaafiliacji.pl/wp-content/themes/moneytracker/js/particles.minfc48fc48.js]
[naukaafiliacji.pl/wp-content/themes/moneytracker/js/jquery.multiscrollfc48fc48.js]
[naukaafiliacji.pl/wp-content/themes/moneytracker/js/elementor31953195.js]
[naukaafiliacji.pl/wp-content/themes/moneytracker/js/elementor-header31953195.js]
[naukaafiliacji.pl/wp-content/themes/moneytracker/js/scripts31953195.js]
[naukaafiliacji.pl/wp-content/plugins/elementor/assets/js/webpack.runtime.min3dd93dd9.js]
[naukaafiliacji.pl/wp-content/plugins/elementor/assets/js/frontend-modules.min3dd93dd9.js]
[naukaafiliacji.pl/wp-includes/js/jquery/ui/core.minb37eb37e.js]
[naukaafiliacji.pl/wp-content/plugins/elementor/assets/js/frontend.min3dd93dd9.js]
[naukaafiliacji.pl/etap1-praktyka/index.html]
[naukaafiliacji.pl/wp-content/plugins/contact-form-7/includes/css/stylesfc7afc7a.css]
[naukaafiliacji.pl/etap1-praktyka/flaticond1c0.html]
[naukaafiliacji.pl/wp-content/themes/moneytracker/css/bootstrapf9b8f9b8.css]
[naukaafiliacji.pl/wp-content/themes/moneytracker/css/owl.carousel.mind1c0d1c0.css]
[naukaafiliacji.pl/wp-content/themes/moneytracker/css/lightgalleryd1c0d1c0.css]
[naukaafiliacji.pl/wp-content/themes/moneytracker/css/jquery.multiscrolld1c0d1c0.css]
[naukaafiliacji.pl/wp-content/themes/moneytracker/css/owl.video.play.html]
[naukaafiliacji.pl/wp-content/themes/moneytracker/images/close.png]
[naukaafiliacji.pl/wp-content/themes/moneytracker/styled1c0d1c0.css]
[naukaafiliacji.pl/wp-content/plugins/elementor/assets/lib/eicons/css/elementor-icons.minf25cf25c.css]
[naukaafiliacji.pl/wp-content/plugins/elementor/assets/css/frontend.min3dd93dd9.css]
[naukaafiliacji.pl/wp-content/uploads/elementor/css/post-6c20cc20c.css]
[naukaafiliacji.pl/wp-content/plugins/elementor/assets/css/widget-heading.min3dd93dd9.css]
[naukaafiliacji.pl/wp-content/plugins/elementor/assets/css/widget-text-editor.min3dd93dd9.css]
[naukaafiliacji.pl/wp-content/plugins/elementor/assets/css/widget-image.min3dd93dd9.css]
[naukaafiliacji.pl/wp-content/uploads/2023/08/hand-inserting-atm-card-into-bank-machine-withdraw-money-businessman-men-hand-puts-credit-card-into-atm-scaled.jpg]
[naukaafiliacji.pl/wp-content/uploads/elementor/css/post-12513f20bf20b.css]
[naukaafiliacji.pl/wp-content/plugins/elementor/assets/lib/font-awesome/css/fontawesome.min52d552d5.css]
[naukaafiliacji.pl/wp-content/plugins/elementor/assets/lib/font-awesome/css/solid.min52d552d5.css]
[naukaafiliacji.pl/wp-content/plugins/elementor/assets/lib/font-awesome/css/regular.min52d552d5.css]
[naukaafiliacji.pl/etap1-praktyka/index-2.html]
[naukaafiliacji.pl/wp-content/uploads/elementor/css/post-7243a3cfa3cf.css]
[naukaafiliacji.pl/wp-content/plugins/elementor/assets/css/widget-icon-list.min3dd93dd9.css]
[naukaafiliacji.pl/wp-content/uploads/elementor/css/post-7266a3cfa3cf.css]
[naukaafiliacji.pl/wp-content/uploads/elementor/css/post-7262c20cc20c.css]
[finanstrack.pl/wp-includes/css/dist/block-library/style.mind1c0.css]
[finanstrack.pl/wp-content/plugins/contact-form-7/includes/css/stylesfc7a.css]
[finanstrack.pl/wp-content/themes/moneytracker/css/flaticond1c0.css]
[finanstrack.pl/wp-content/themes/moneytracker/css/bootstrapf9b8.css]
[finanstrack.pl/wp-content/themes/moneytracker/css/owl.carousel.mind1c0.css]
[finanstrack.pl/wp-content/themes/moneytracker/css/lightgalleryd1c0.css]
[finanstrack.pl/wp-content/themes/moneytracker/css/jquery.multiscrolld1c0.css]
[finanstrack.pl/wp-content/themes/moneytracker/styled1c0.css]
[finanstrack.pl/wp-includes/js/jquery/jquery.minf43b.js]
[finanstrack.pl/wp-includes/js/jquery/jquery-migrate.min5589.js]
[finanstrack.pl/wp-content/themes/moneytracker/js/myloadmore5ce1.js]
[finanstrack.pl/wp-content/themes/moneytracker/images/404-error.png]
[finanstrack.pl/wp-includes/js/dist/hooks.min4fdd.js]
[finanstrack.pl/wp-includes/js/dist/i18n.minc33c.js]
[finanstrack.pl/wp-content/plugins/contact-form-7/includes/swv/js/indexfc7a.js]
[finanstrack.pl/wp-content/plugins/contact-form-7/includes/js/indexfc7a.js]
[finanstrack.pl/wp-content/themes/moneytracker/js/jquery.isotope.min3195.js]
[finanstrack.pl/wp-content/themes/moneytracker/js/lightgallery-all.min3195.js]
[finanstrack.pl/wp-content/themes/moneytracker/js/owl.carousel.min3195.js]
[finanstrack.pl/wp-content/themes/moneytracker/js/easypiechart.min3758.js]
[finanstrack.pl/wp-content/themes/moneytracker/js/jquery.countdown.minfc48.js]
[finanstrack.pl/wp-content/themes/moneytracker/js/particles.minfc48.js]
[finanstrack.pl/wp-content/themes/moneytracker/js/jquery.multiscrollfc48.js]
[finanstrack.pl/wp-content/themes/moneytracker/js/elementor3195.js]
[finanstrack.pl/wp-content/themes/moneytracker/js/elementor-header3195.js]
[naukaafiliacji.pl/wp-content/themes/moneytracker/css/owl.video.play.html]
[finanstrack.pl/wp-includes/css/dist/block-library/style.mind1c0.css]
[finanstrack.pl/wp-content/plugins/contact-form-7/includes/css/stylesfc7a.css]
[finanstrack.pl/wp-content/themes/moneytracker/css/flaticond1c0.css]
[finanstrack.pl/wp-content/themes/moneytracker/css/bootstrapf9b8.css]
[finanstrack.pl/wp-content/themes/moneytracker/js/scripts3195.js]
[finanstrack.pl/wp-content/themes/moneytracker/css/owl.video.play.png]
[finanstrack.pl/wp-content/themes/moneytracker/css/owl.carousel.mind1c0.css]
[finanstrack.pl/wp-content/themes/moneytracker/img/vimeo-play.png]
[finanstrack.pl/wp-content/themes/moneytracker/img/video-play.png]
[finanstrack.pl/wp-content/themes/moneytracker/img/youtube-play.png]
[finanstrack.pl/wp-content/themes/moneytracker/images/loading.gif]
[finanstrack.pl/wp-content/themes/moneytracker/css/lightgalleryd1c0.css]
[finanstrack.pl/wp-content/themes/moneytracker/css/jquery.multiscrolld1c0.css]
[finanstrack.pl/wp-content/themes/moneytracker/images/close.png]
[finanstrack.pl/wp-content/themes/moneytracker/styled1c0.css]
[finanstrack.pl/wp-includes/js/jquery/jquery.minf43b.js]
[finanstrack.pl/wp-includes/js/jquery/jquery-migrate.min5589.js]
[finanstrack.pl/wp-content/themes/moneytracker/js/myloadmore5ce1.js]
[finanstrack.pl/wp-includes/js/dist/hooks.min4fdd.js]
[finanstrack.pl/wp-includes/js/dist/i18n.minc33c.js]
[finanstrack.pl/wp-content/plugins/contact-form-7/includes/swv/js/indexfc7a.js]
[finanstrack.pl/wp-content/plugins/contact-form-7/includes/js/indexfc7a.js]
[finanstrack.pl/wp-content/themes/moneytracker/js/jquery.isotope.min3195.js]
[finanstrack.pl/wp-content/themes/moneytracker/js/lightgallery-all.min3195.js]
[finanstrack.pl/wp-content/themes/moneytracker/js/owl.carousel.min3195.js]
[finanstrack.pl/wp-content/themes/moneytracker/js/easypiechart.min3758.js]
[finanstrack.pl/wp-content/themes/moneytracker/js/jquery.countdown.minfc48.js]
[finanstrack.pl/wp-content/themes/moneytracker/js/particles.minfc48.js]
[finanstrack.pl/wp-content/themes/moneytracker/js/jquery.multiscrollfc48.js]
[finanstrack.pl/wp-content/themes/moneytracker/js/elementor3195.js]
[finanstrack.pl/wp-content/themes/moneytracker/js/elementor-header3195.js]
[finanstrack.pl/wp-content/themes/moneytracker/js/scripts3195.js]
[finanstrack.pl/wp-content/themes/moneytracker/css/owl.video.play.html]
[finanstrack.pl/wp-content/themes/moneytracker/img/vimeo-play.html]
[finanstrack.pl/wp-content/themes/moneytracker/img/video-play.html]
[finanstrack.pl/wp-content/themes/moneytracker/img/youtube-play.html]
[finanstrack.pl/wp-content/themes/moneytracker/images/loading.html]
